// Jest Snapshot v1, https://goo.gl/fbAQLP

exports[`App should render correctly in "debug" mode 1`] = `
<Fragment>
  <div
    className="header-wrap"
  >
    <SwitcherLocation
      handleChange={[Function]}
    />
    <h2>
      BCS 
    </h2>
  </div>
  <div
    className="main-container"
  >
    <div>
      <WithStyles(ForwardRef(Grid))
        container={true}
        spacing={8}
      >
        <WithStyles(ForwardRef(Grid))
          item={true}
          xs={12}
        >
          <WithStyles(ForwardRef(Paper))>
            <BrowserRouter
              basename="/"
            >
              <div>
                <Switch>
                  <Route
                    component={
                      Object {
                        "$$typeof": Symbol(react.memo),
                        "WrappedComponent": [Function],
                        "compare": null,
                        "displayName": "Connect(NotesPage)",
                        "type": [Function],
                      }
                    }
                    exact={true}
                    path="/"
                  />
                  <Route
                    component={
                      Object {
                        "$$typeof": Symbol(react.memo),
                        "WrappedComponent": [Function],
                        "compare": null,
                        "displayName": "Connect(NotesPage)",
                        "type": [Function],
                      }
                    }
                    exact={true}
                    path="/home"
                  />
                  <Route
                    component={
                      Object {
                        "$$typeof": Symbol(react.memo),
                        "WrappedComponent": [Function],
                        "compare": null,
                        "displayName": "Connect(NoteInfo)",
                        "type": [Function],
                      }
                    }
                    exact={true}
                    path="/info/:noteId"
                  />
                  <Route
                    component={
                      Object {
                        "$$typeof": Symbol(react.memo),
                        "WrappedComponent": [Function],
                        "compare": null,
                        "displayName": "Connect(NotFound)",
                        "type": [Function],
                      }
                    }
                  />
                </Switch>
              </div>
            </BrowserRouter>
          </WithStyles(ForwardRef(Paper))>
        </WithStyles(ForwardRef(Grid))>
      </WithStyles(ForwardRef(Grid))>
    </div>
  </div>
</Fragment>
`;
